# groups.pb
1: !{
  1: 101
  2: 202i32
  3: {12: 7.2232605e28i32}  # 0x6f696569i32
}
2:SGROUP
3:EGROUP
4:EGROUP
5: !{6: !{}}
6: !{long-form:5}
7: !{1: 1 long-form:5}
7: !{
  1: 1
  1: 1
  long-form:5
}
10:SGROUP
